<!DOCTYPE html>
<html lang="en">
<head>
    <meta charset="UTF-8">
    <meta http-equiv="X-UA-Compatible" content="IE=edge">
    <meta name="viewport" content="width=device-width, initial-scale=1.0">
    <link href="https://fonts.googleapis.com/css2?family=Imperial+Script&display=swap" rel="stylesheet">
    <link rel="stylesheet" href="style.css">
    <title>Document</title>
</head>
<body>
    <header>
        <nav>
            <div class="logo"><a href="#">Golden</a></div>
                <ul>
                    <li><a href="#">Home</a></li>
                    <li><a href="#">Services</a></li>
                    <li><a href="#">Portfolio</a></li>
                    <li><a href="#">About</a></li>
                    <li><a href="#">Contact</a></li>
                </ul>
        </nav>
            <h1>Welcome to our studio!</h1>
            <p>It's nice to meet you</p>
            <button onclick="location.href='#'" type="button">Tell me more</button>
    </header>
    <main>
        <section class="services">
            <h2>Services</h2>
            <h3>Proin laculis purus consequal sem cure</h3>
            <div class="benefits">
                <div class="ecommerce">
                    <img src="img/e-commerce.png" alt="ecommerce">
                    <p>E-Commerce</p>
                    <p>Proin laculis purus consequal sem cure dignissim. Donec pcetboloca enturm susciput meneam shoncus odio in tincidunt.</p>
                </div>
                <div class="responsive-web">
                    <img src="img/responsive-web.png" alt="responsive-web">
                    <p>Responsive Web</p>
                    <p>Proin laculis purus consequal sem cure dignissim. Donec pcetboloca enturm susciput meneam shoncus odio in tincidunt.</p>
                </div>
                <div class="web-security">
                    <img src="img/web-security.png" alt="web-security">
                    <p>Web Security</p>
                    <p>Proin laculis purus consequal sem cure dignissim. Donec pcetboloca enturm susciput meneam shoncus odio in tincidunt.</p>
                </div>
            </div>
        </section>
        <section class="portfolio">
            <h2>Our portfolio</h2>
            <h3>Proin laculis purus consequal sem cure</h3>
            <div class="portfolio-samples">
                <a href="#">
                    <img src="img/ebony.jpg" alt="ebony-and-ivory-branding">
                    <p>Ebony & Ivory</p>
                    <p>Branding</p>
                </a>
                <a href="#">
                    <img src="img/stationary.jpeg" alt="smart-stationary-print-design">
                    <p>Smart Stationary</p>
                    <p>Print design</p>
                </a>
                <a href="#">
                    <img src="img/poster.jpeg" alt="clever-poster-print-design">
                    <p>Clever Poster</p>
                    <p>Print design</p>
                </a>
                <a href="#">
                    <img src="img/vinyl.jpeg" alt="vinyl-record-product-mock-up">
                    <p>Vinyl Record</p>
                    <p>Product Mock-Up</p>
                </a>
                <a href="#">
                    <img src="img/treehouse.jpeg" alt="treehouse-template-web-design">
                    <p>Treehouse Template</p>
                    <p>Web Design</p>
                </a>
                <a href="#">
                    <img src="img/burned.jpeg" alt="burned-logo-branding">
                    <p>Burned Logo</p>
                    <p>Branding</p>
                </a>
            </div>
        </section>
        <section class="about">
            <h2>About us</h2>
            <h3>Proin laculis purus consequal sem cure</h3>
            <div class="story">
                <img src="img/slide-1.png" alt="slide-1" class="slide-1">
                <div class="left-side">
                    <p>JULY 2010</p>
                    <p>Our Humble Beginnings</p>
                    <p>Lorem ipsum dolor sit, amet consectetur adipisicing elit. Unde natus accusantium temporibus minus possimus quia, repudiandae debitis sapiente odit et? Saepe asperiores ipsa eligendi fugiat repellendus expedita! Beatae, voluptatem molestias.</p>
                </div>
                <img src="img/slide-2.png" alt="slide-2" class="slide-2">
                <div class="right-side">
                    <p>JANUARY 2011</p>
                    <p>Facing Startup Battles</p>
                    <p>Lorem ipsum dolor sit, amet consectetur adipisicing elit. Unde natus accusantium temporibus minus possimus quia, repudiandae debitis sapiente odit et? Saepe asperiores ipsa eligendi fugiat repellendus expedita! Beatae, voluptatem molestias.</p>
                </div>
                <img src="img/slide-3.png" alt="slide-3" class="slide-3">
                <div class="left-side">
                    <p>DECEMBER 2012</p>
                    <p>Enter The Dark Days</p>
                    <p>Lorem ipsum dolor sit, amet consectetur adipisicing elit. Unde natus accusantium temporibus minus possimus quia, repudiandae debitis sapiente odit et? Saepe asperiores ipsa eligendi fugiat repellendus expedita! Beatae, voluptatem molestias.</p>
                </div>
                <img src="img/slide-4.png" alt="slide-4" class="slide-4">
                <div class="right-side">
                    <p>FEBRUARY 2014</p>
                    <p>Our Triumph</p>
                    <p>Lorem ipsum dolor sit, amet consectetur adipisicing elit. Unde natus accusantium temporibus minus possimus quia, repudiandae debitis sapiente odit et? Saepe asperiores ipsa eligendi fugiat repellendus expedita! Beatae, voluptatem molestias.</p>
                </div>
                <img src="img/slide-5.png" alt="slide-5" class="slide-5">
            </div>
        </section>
        <section class="team">
            <h2>Our amazing team</h2>
            <h3>Proin laculis purus consequal sem cure</h3>
            <div class="persons">
                <div class="member">
                    <img src="img/claudia.webp" alt="claudia">
                    <p>Claudia Thompson</p>
                    <p>Marketeer</p>
                    <a href="#" class="social"><img src="img/twitter.png" alt="twitter"></a>
                    <a href="#" class="social"><img src="img/facebook.png" alt="facebook"></a>
                    <a href="#" class="social"><img src="img/pinterest.png" alt="pinterest"></a>
                </div>
                <div class="member">
                    <img src="img/rico.webp" alt="rico">
                    <p>Rico Massimo</p>
                    <p>Coder</p>
                    <a href="#" class="social"><img src="img/twitter.png" alt="twitter"></a>
                    <a href="#" class="social"><img src="img/facebook.png" alt="facebook"></a>
                    <a href="#" class="social"><img src="img/youtube.png" alt="youtube"></a>
                </div>
                <div class="member">
                    <img src="img/audrey.webp" alt="audrey">
                    <p>Audrey Mason</p>
                    <p>Graphic Designer</p>
                    <a href="#" class="social"><img src="img/facebook.png" alt="facebook"></a>
                    <a href="#" class="social"><img src="img/pinterest.png" alt="pinterest"></a>
                </div>
                <p class="desc">Lorem ipsum dolor sit amet consectetur, adipisicing elit. Velit cumque temporibus quae sit hic corporis ab nostrum, quisquam, atque dicta incidunt animi laboriosam quasi, repellat deleniti amet tempore eius blanditiis.</p>
            </div>
        </section>
        <section class="tools">
                <a href="#" class="envato"><img src="img/envato.png" alt="envato" height="26px"></a>
                <a href="#" class="wordpress"><img src="img/wordpress.png" alt="wordpress" height="36px"></a>
                <a href="#" class="ae-tuts"><img src="img/ae-tuts.png" alt="ae-tuts" height="36px"></a>
                <a href="#" class="microlancer"><img src="img/microlancer.png" alt="microlancer" height="38px"></a>
        </section>
        <section class="contact">
            <h2>Contact us</h2>
            <h3>Proin laculis purus consequal sem cure</h3>
            <form id="contact">
                <input type="text" name="name" placeholder="Your name *" required>
                <input type="email" name="email" placeholder="Your e-mail *" required>
                <input type="text" name="subject" placeholder="Subject">
                <textarea name="message" id="message" cols="30" rows="10" placeholder="Your message *" required></textarea>
                <input type="submit" value="Send message">
            </form>
            
        </section>
    </main>
    <footer>
        <p>Â© Copyright 2014 FreebiesXpress.com</p>
        <div>
            <img src="img/twitter-black.png" alt="twitter">
            <img src="img/facebook-black.png" alt="facebook">
            <img src="img/pinterest-black.png" alt="pinterest">
            <img src="img/youtube-black.png" alt="youtube">
        </div>
    </footer>
</body>
</html>
